// Jest Snapshot v1, https://goo.gl/fbAQLP

exports[`should render startEditExpensePage correctly 1`] = `
<div>
  <h1>
    Edit Expense
  </h1>
  <ExpenseForm
    expense={
      Object {
        "amount": 200,
        "createdAt": -345600000,
        "description": "gas",
        "id": 2,
        "note": "Note 2",
      }
    }
    onSubmit={[Function]}
  />
  <button
    onClick={[Function]}
  >
    Remove
  </button>
</div>
`;
